find_header: checking for prism.h in c:/Users/Admin/Documents/MyProjects/Ruby/ojt-rails-project/vendor/bundle/ruby/4.0.0/gems/prism-1.9.0/include... -------------------- yes

PATH=".;C:/Ruby40-x64/lib;C:\Ruby40-x64\bin;C:\Ruby40-x64\msys64\ucrt64\bin;C:\Ruby40-x64\msys64\usr\bin;C:\Python314\Scripts\;C:\Python314\;C:\Program Files\Eclipse Adoptium\jdk-25.0.2.10-hotspot\bin;C:\windows\system32;C:\windows;C:\windows\System32\Wbem;C:\windows\System32\WindowsPowerShell\v1.0\;C:\windows\System32\OpenSSH\;C:\Program Files (x86)\NVIDIA Corporation\PhysX\Common;C:\Program Files\NVIDIA Corporation\NVIDIA App\NvDLISR;C:\Users\Administrator\AppData\Local\Microsoft\WindowsApps;C:\Program Files\HP\OMEN-Broadcast\Common;C:\Program Files\Git\cmd;C:\Program Files\Microsoft VS Code\bin;C:\Program Files\nodejs\;C:\ProgramData\chocolatey\bin;C:\Ruby40-x64\bin;C:\Users\Admin\.local\bin;C:\Users\Admin\AppData\Local\Microsoft\WindowsApps;C:\Users\Admin\AppData\Roaming\npm" LSAN_OPTIONS=detect_leaks=0 "gcc -o conftest.exe -IC:/Ruby40-x64/include/ruby-4.0.0/x64-mingw-ucrt -IC:/Ruby40-x64/include/ruby-4.0.0/ruby/backward -IC:/Ruby40-x64/include/ruby-4.0.0 -I. -D_WIN32_WINNT=0x0600 -D__MINGW_USE_VC2005_COMPAT -D_FILE_OFFSET_BITS=64  -O3 -fstack-protector-strong conftest.c -L. -LC:/Ruby40-x64/lib -L. -pipe -s -fstack-protector-strong -lpthread -Wl,--no-as-needed     -lx64-ucrt-ruby400  -lshell32 -lws2_32 -liphlpapi -limagehlp -lshlwapi -lbcrypt  "
checked program was:
/* begin */
1: #include "ruby.h"
2: 
3: #include <winsock2.h>
4: #include <windows.h>
5: int main(int argc, char **argv)
6: {
7:   return !!argv[argc];
8: }
/* end */

PATH=".;C:/Ruby40-x64/lib;C:\Ruby40-x64\bin;C:\Ruby40-x64\msys64\ucrt64\bin;C:\Ruby40-x64\msys64\usr\bin;C:\Python314\Scripts\;C:\Python314\;C:\Program Files\Eclipse Adoptium\jdk-25.0.2.10-hotspot\bin;C:\windows\system32;C:\windows;C:\windows\System32\Wbem;C:\windows\System32\WindowsPowerShell\v1.0\;C:\windows\System32\OpenSSH\;C:\Program Files (x86)\NVIDIA Corporation\PhysX\Common;C:\Program Files\NVIDIA Corporation\NVIDIA App\NvDLISR;C:\Users\Administrator\AppData\Local\Microsoft\WindowsApps;C:\Program Files\HP\OMEN-Broadcast\Common;C:\Program Files\Git\cmd;C:\Program Files\Microsoft VS Code\bin;C:\Program Files\nodejs\;C:\ProgramData\chocolatey\bin;C:\Ruby40-x64\bin;C:\Users\Admin\.local\bin;C:\Users\Admin\AppData\Local\Microsoft\WindowsApps;C:\Users\Admin\AppData\Roaming\npm" LSAN_OPTIONS=detect_leaks=0 "gcc -IC:/Ruby40-x64/include/ruby-4.0.0/x64-mingw-ucrt -IC:/Ruby40-x64/include/ruby-4.0.0/ruby/backward -IC:/Ruby40-x64/include/ruby-4.0.0 -I. -D_WIN32_WINNT=0x0600 -D__MINGW_USE_VC2005_COMPAT -D_FILE_OFFSET_BITS=64  -O3 -fstack-protector-strong   -c conftest.c"
conftest.c:5:10: fatal error: prism.h: No such file or directory
    5 | #include <prism.h>
      |          ^~~~~~~~~
compilation terminated.
checked program was:
/* begin */
1: #include "ruby.h"
2: 
3: #include <winsock2.h>
4: #include <windows.h>
5: #include <prism.h>
/* end */

PATH=".;C:/Ruby40-x64/lib;C:\Ruby40-x64\bin;C:\Ruby40-x64\msys64\ucrt64\bin;C:\Ruby40-x64\msys64\usr\bin;C:\Python314\Scripts\;C:\Python314\;C:\Program Files\Eclipse Adoptium\jdk-25.0.2.10-hotspot\bin;C:\windows\system32;C:\windows;C:\windows\System32\Wbem;C:\windows\System32\WindowsPowerShell\v1.0\;C:\windows\System32\OpenSSH\;C:\Program Files (x86)\NVIDIA Corporation\PhysX\Common;C:\Program Files\NVIDIA Corporation\NVIDIA App\NvDLISR;C:\Users\Administrator\AppData\Local\Microsoft\WindowsApps;C:\Program Files\HP\OMEN-Broadcast\Common;C:\Program Files\Git\cmd;C:\Program Files\Microsoft VS Code\bin;C:\Program Files\nodejs\;C:\ProgramData\chocolatey\bin;C:\Ruby40-x64\bin;C:\Users\Admin\.local\bin;C:\Users\Admin\AppData\Local\Microsoft\WindowsApps;C:\Users\Admin\AppData\Roaming\npm" LSAN_OPTIONS=detect_leaks=0 "gcc -IC:/Ruby40-x64/include/ruby-4.0.0/x64-mingw-ucrt -IC:/Ruby40-x64/include/ruby-4.0.0/ruby/backward -IC:/Ruby40-x64/include/ruby-4.0.0 -I. -D_WIN32_WINNT=0x0600 -D__MINGW_USE_VC2005_COMPAT -D_FILE_OFFSET_BITS=64  -O3 -fstack-protector-strong  -Ic:/Users/Admin/Documents/MyProjects/Ruby/ojt-rails-project/vendor/bundle/ruby/4.0.0/gems/prism-1.9.0/include -c conftest.c"
checked program was:
/* begin */
1: #include "ruby.h"
2: 
3: #include <winsock2.h>
4: #include <windows.h>
5: #include <prism.h>
/* end */

--------------------

find_header: checking for prism/extension.h in c:/Users/Admin/Documents/MyProjects/Ruby/ojt-rails-project/vendor/bundle/ruby/4.0.0/gems/prism-1.9.0/ext... -------------------- yes

PATH=".;C:/Ruby40-x64/lib;C:\Ruby40-x64\bin;C:\Ruby40-x64\msys64\ucrt64\bin;C:\Ruby40-x64\msys64\usr\bin;C:\Python314\Scripts\;C:\Python314\;C:\Program Files\Eclipse Adoptium\jdk-25.0.2.10-hotspot\bin;C:\windows\system32;C:\windows;C:\windows\System32\Wbem;C:\windows\System32\WindowsPowerShell\v1.0\;C:\windows\System32\OpenSSH\;C:\Program Files (x86)\NVIDIA Corporation\PhysX\Common;C:\Program Files\NVIDIA Corporation\NVIDIA App\NvDLISR;C:\Users\Administrator\AppData\Local\Microsoft\WindowsApps;C:\Program Files\HP\OMEN-Broadcast\Common;C:\Program Files\Git\cmd;C:\Program Files\Microsoft VS Code\bin;C:\Program Files\nodejs\;C:\ProgramData\chocolatey\bin;C:\Ruby40-x64\bin;C:\Users\Admin\.local\bin;C:\Users\Admin\AppData\Local\Microsoft\WindowsApps;C:\Users\Admin\AppData\Roaming\npm" LSAN_OPTIONS=detect_leaks=0 "gcc -IC:/Ruby40-x64/include/ruby-4.0.0/x64-mingw-ucrt -IC:/Ruby40-x64/include/ruby-4.0.0/ruby/backward -IC:/Ruby40-x64/include/ruby-4.0.0 -I. -Ic:/Users/Admin/Documents/MyProjects/Ruby/ojt-rails-project/vendor/bundle/ruby/4.0.0/gems/prism-1.9.0/include -D_WIN32_WINNT=0x0600 -D__MINGW_USE_VC2005_COMPAT -D_FILE_OFFSET_BITS=64  -O3 -fstack-protector-strong   -c conftest.c"
conftest.c:5:10: fatal error: prism/extension.h: No such file or directory
    5 | #include <prism/extension.h>
      |          ^~~~~~~~~~~~~~~~~~~
compilation terminated.
checked program was:
/* begin */
1: #include "ruby.h"
2: 
3: #include <winsock2.h>
4: #include <windows.h>
5: #include <prism/extension.h>
/* end */

PATH=".;C:/Ruby40-x64/lib;C:\Ruby40-x64\bin;C:\Ruby40-x64\msys64\ucrt64\bin;C:\Ruby40-x64\msys64\usr\bin;C:\Python314\Scripts\;C:\Python314\;C:\Program Files\Eclipse Adoptium\jdk-25.0.2.10-hotspot\bin;C:\windows\system32;C:\windows;C:\windows\System32\Wbem;C:\windows\System32\WindowsPowerShell\v1.0\;C:\windows\System32\OpenSSH\;C:\Program Files (x86)\NVIDIA Corporation\PhysX\Common;C:\Program Files\NVIDIA Corporation\NVIDIA App\NvDLISR;C:\Users\Administrator\AppData\Local\Microsoft\WindowsApps;C:\Program Files\HP\OMEN-Broadcast\Common;C:\Program Files\Git\cmd;C:\Program Files\Microsoft VS Code\bin;C:\Program Files\nodejs\;C:\ProgramData\chocolatey\bin;C:\Ruby40-x64\bin;C:\Users\Admin\.local\bin;C:\Users\Admin\AppData\Local\Microsoft\WindowsApps;C:\Users\Admin\AppData\Roaming\npm" LSAN_OPTIONS=detect_leaks=0 "gcc -IC:/Ruby40-x64/include/ruby-4.0.0/x64-mingw-ucrt -IC:/Ruby40-x64/include/ruby-4.0.0/ruby/backward -IC:/Ruby40-x64/include/ruby-4.0.0 -I. -Ic:/Users/Admin/Documents/MyProjects/Ruby/ojt-rails-project/vendor/bundle/ruby/4.0.0/gems/prism-1.9.0/include -D_WIN32_WINNT=0x0600 -D__MINGW_USE_VC2005_COMPAT -D_FILE_OFFSET_BITS=64  -O3 -fstack-protector-strong  -Ic:/Users/Admin/Documents/MyProjects/Ruby/ojt-rails-project/vendor/bundle/ruby/4.0.0/gems/prism-1.9.0/ext -c conftest.c"
checked program was:
/* begin */
1: #include "ruby.h"
2: 
3: #include <winsock2.h>
4: #include <windows.h>
5: #include <prism/extension.h>
/* end */

--------------------

append_cflags: checking for whether -fvisibility=hidden is accepted as CFLAGS... -------------------- yes

PATH=".;C:/Ruby40-x64/lib;C:\Ruby40-x64\bin;C:\Ruby40-x64\msys64\ucrt64\bin;C:\Ruby40-x64\msys64\usr\bin;C:\Python314\Scripts\;C:\Python314\;C:\Program Files\Eclipse Adoptium\jdk-25.0.2.10-hotspot\bin;C:\windows\system32;C:\windows;C:\windows\System32\Wbem;C:\windows\System32\WindowsPowerShell\v1.0\;C:\windows\System32\OpenSSH\;C:\Program Files (x86)\NVIDIA Corporation\PhysX\Common;C:\Program Files\NVIDIA Corporation\NVIDIA App\NvDLISR;C:\Users\Administrator\AppData\Local\Microsoft\WindowsApps;C:\Program Files\HP\OMEN-Broadcast\Common;C:\Program Files\Git\cmd;C:\Program Files\Microsoft VS Code\bin;C:\Program Files\nodejs\;C:\ProgramData\chocolatey\bin;C:\Ruby40-x64\bin;C:\Users\Admin\.local\bin;C:\Users\Admin\AppData\Local\Microsoft\WindowsApps;C:\Users\Admin\AppData\Roaming\npm" LSAN_OPTIONS=detect_leaks=0 "gcc -IC:/Ruby40-x64/include/ruby-4.0.0/x64-mingw-ucrt -IC:/Ruby40-x64/include/ruby-4.0.0/ruby/backward -IC:/Ruby40-x64/include/ruby-4.0.0 -I. -Ic:/Users/Admin/Documents/MyProjects/Ruby/ojt-rails-project/vendor/bundle/ruby/4.0.0/gems/prism-1.9.0/include -Ic:/Users/Admin/Documents/MyProjects/Ruby/ojt-rails-project/vendor/bundle/ruby/4.0.0/gems/prism-1.9.0/ext -D_WIN32_WINNT=0x0600 -D__MINGW_USE_VC2005_COMPAT -D_FILE_OFFSET_BITS=64  -O3 -fstack-protector-strong  -fvisibility=hidden -Werror -c conftest.c"
checked program was:
/* begin */
1: #include "ruby.h"
2: 
3: #include <winsock2.h>
4: #include <windows.h>
5: int main(int argc, char **argv)
6: {
7:   return !!argv[argc];
8: }
/* end */

--------------------

