current directory: c:/Users/Admin/Documents/MyProjects/Ruby/ojt-rails-project/vendor/bundle/ruby/4.0.0/gems/json-2.19.7/ext/json/ext/parser
C:/Ruby40-x64/bin/ruby.exe extconf.rb
checking for rb_enc_interned_str() in ruby/encoding.h... yes
checking for rb_str_to_interned_str() in ruby.h... yes
checking for rb_hash_new_capa() in ruby.h... yes
checking for rb_hash_bulk_insert() in ruby.h... yes
checking for RUBY_TYPED_EMBEDDABLE in ruby.h... yes
checking for whether -std=c99 is accepted as CFLAGS... yes
checking for x86intrin.h... yes
checking for cpuid.h... yes
creating Makefile

current directory: c:/Users/Admin/Documents/MyProjects/Ruby/ojt-rails-project/vendor/bundle/ruby/4.0.0/gems/json-2.19.7/ext/json/ext/parser
make -j13 DESTDIR\= sitearchdir\=./.gem.20260530-17268-6u54rf sitelibdir\=./.gem.20260530-17268-6u54rf clean

current directory: c:/Users/Admin/Documents/MyProjects/Ruby/ojt-rails-project/vendor/bundle/ruby/4.0.0/gems/json-2.19.7/ext/json/ext/parser
make -j13 DESTDIR\= sitearchdir\=./.gem.20260530-17268-6u54rf sitelibdir\=./.gem.20260530-17268-6u54rf
generating parser-x64-mingw-ucrt.def
compiling parser.c
linking shared-object json/ext/parser.so

current directory: c:/Users/Admin/Documents/MyProjects/Ruby/ojt-rails-project/vendor/bundle/ruby/4.0.0/gems/json-2.19.7/ext/json/ext/parser
make -j13 DESTDIR\= sitearchdir\=./.gem.20260530-17268-6u54rf sitelibdir\=./.gem.20260530-17268-6u54rf install
/usr/bin/install -c -m 0755 parser.so ./.gem.20260530-17268-6u54rf/json/ext

current directory: c:/Users/Admin/Documents/MyProjects/Ruby/ojt-rails-project/vendor/bundle/ruby/4.0.0/gems/json-2.19.7/ext/json/ext/parser
make DESTDIR\= sitearchdir\=./.gem.20260530-17268-6u54rf sitelibdir\=./.gem.20260530-17268-6u54rf clean
