current directory: c:/Users/Admin/Documents/MyProjects/Ruby/ojt-rails-project/vendor/bundle/ruby/4.0.0/gems/psych-5.3.1/ext/psych
C:/Ruby40-x64/bin/ruby.exe extconf.rb
checking for pkg-config for yaml-0.1... ["-IC:/Ruby40-x64/msys64/ucrt64/bin/../include ", "-LC:/Ruby40-x64/msys64/ucrt64/bin/../lib", "-lyaml"]
creating Makefile

current directory: c:/Users/Admin/Documents/MyProjects/Ruby/ojt-rails-project/vendor/bundle/ruby/4.0.0/gems/psych-5.3.1/ext/psych
make -j13 DESTDIR\= sitearchdir\=./.gem.20260529-31716-huqip7 sitelibdir\=./.gem.20260529-31716-huqip7 clean
cd libyaml && make clean
/bin/sh: line 1: cd: libyaml: No such file or directory
make: [Makefile:291: clean-so] Error 1 (ignored)

current directory: c:/Users/Admin/Documents/MyProjects/Ruby/ojt-rails-project/vendor/bundle/ruby/4.0.0/gems/psych-5.3.1/ext/psych
make -j13 DESTDIR\= sitearchdir\=./.gem.20260529-31716-huqip7 sitelibdir\=./.gem.20260529-31716-huqip7
generating psych-x64-mingw-ucrt.def
compiling psych.c
compiling psych_emitter.c
compiling psych_parser.c
compiling psych_to_ruby.c
compiling psych_yaml_tree.c
linking shared-object psych.so

current directory: c:/Users/Admin/Documents/MyProjects/Ruby/ojt-rails-project/vendor/bundle/ruby/4.0.0/gems/psych-5.3.1/ext/psych
make -j13 DESTDIR\= sitearchdir\=./.gem.20260529-31716-huqip7 sitelibdir\=./.gem.20260529-31716-huqip7 install
/usr/bin/install -c -m 0755 psych.so ./.gem.20260529-31716-huqip7

current directory: c:/Users/Admin/Documents/MyProjects/Ruby/ojt-rails-project/vendor/bundle/ruby/4.0.0/gems/psych-5.3.1/ext/psych
make DESTDIR\= sitearchdir\=./.gem.20260529-31716-huqip7 sitelibdir\=./.gem.20260529-31716-huqip7 clean
cd libyaml && make clean
/bin/sh: line 1: cd: libyaml: No such file or directory
make: [Makefile:291: clean-so] Error 1 (ignored)
