pkg_config: checking for pkg-config for yaml-0.1... -------------------- ["-IC:/Ruby40-x64/msys64/ucrt64/bin/../include ", "-LC:/Ruby40-x64/msys64/ucrt64/bin/../lib", "-lyaml"]

PATH=".;C:/Ruby40-x64/lib;C:\Ruby40-x64\bin;C:\Ruby40-x64\msys64\ucrt64\bin;C:\Ruby40-x64\msys64\usr\bin;C:\Python314\Scripts\;C:\Python314\;C:\Program Files\Eclipse Adoptium\jdk-25.0.2.10-hotspot\bin;C:\windows\system32;C:\windows;C:\windows\System32\Wbem;C:\windows\System32\WindowsPowerShell\v1.0\;C:\windows\System32\OpenSSH\;C:\Program Files (x86)\NVIDIA Corporation\PhysX\Common;C:\Program Files\NVIDIA Corporation\NVIDIA App\NvDLISR;C:\Users\Administrator\AppData\Local\Microsoft\WindowsApps;C:\Program Files\HP\OMEN-Broadcast\Common;C:\Program Files\Git\cmd;C:\Program Files\Microsoft VS Code\bin;C:\Program Files\nodejs\;C:\ProgramData\chocolatey\bin;C:\Ruby40-x64\bin;C:\Users\Admin\.local\bin;C:\Users\Admin\AppData\Local\Microsoft\WindowsApps;C:\Users\Admin\AppData\Roaming\npm" LSAN_OPTIONS=detect_leaks=0 x86_64-w64-mingw32-pkg-config --exists yaml-0.1
PATH=".;C:/Ruby40-x64/lib;C:\Ruby40-x64\bin;C:\Ruby40-x64\msys64\ucrt64\bin;C:\Ruby40-x64\msys64\usr\bin;C:\Python314\Scripts\;C:\Python314\;C:\Program Files\Eclipse Adoptium\jdk-25.0.2.10-hotspot\bin;C:\windows\system32;C:\windows;C:\windows\System32\Wbem;C:\windows\System32\WindowsPowerShell\v1.0\;C:\windows\System32\OpenSSH\;C:\Program Files (x86)\NVIDIA Corporation\PhysX\Common;C:\Program Files\NVIDIA Corporation\NVIDIA App\NvDLISR;C:\Users\Administrator\AppData\Local\Microsoft\WindowsApps;C:\Program Files\HP\OMEN-Broadcast\Common;C:\Program Files\Git\cmd;C:\Program Files\Microsoft VS Code\bin;C:\Program Files\nodejs\;C:\ProgramData\chocolatey\bin;C:\Ruby40-x64\bin;C:\Users\Admin\.local\bin;C:\Users\Admin\AppData\Local\Microsoft\WindowsApps;C:\Users\Admin\AppData\Roaming\npm" LSAN_OPTIONS=detect_leaks=0 x86_64-w64-mingw32-pkg-config --libs yaml-0.1 |
=> "-LC:/Ruby40-x64/msys64/ucrt64/bin/../lib -lyaml\n"
PATH=".;C:/Ruby40-x64/lib;C:\Ruby40-x64\bin;C:\Ruby40-x64\msys64\ucrt64\bin;C:\Ruby40-x64\msys64\usr\bin;C:\Python314\Scripts\;C:\Python314\;C:\Program Files\Eclipse Adoptium\jdk-25.0.2.10-hotspot\bin;C:\windows\system32;C:\windows;C:\windows\System32\Wbem;C:\windows\System32\WindowsPowerShell\v1.0\;C:\windows\System32\OpenSSH\;C:\Program Files (x86)\NVIDIA Corporation\PhysX\Common;C:\Program Files\NVIDIA Corporation\NVIDIA App\NvDLISR;C:\Users\Administrator\AppData\Local\Microsoft\WindowsApps;C:\Program Files\HP\OMEN-Broadcast\Common;C:\Program Files\Git\cmd;C:\Program Files\Microsoft VS Code\bin;C:\Program Files\nodejs\;C:\ProgramData\chocolatey\bin;C:\Ruby40-x64\bin;C:\Users\Admin\.local\bin;C:\Users\Admin\AppData\Local\Microsoft\WindowsApps;C:\Users\Admin\AppData\Roaming\npm" LSAN_OPTIONS=detect_leaks=0 "gcc -o conftest.exe -IC:/Ruby40-x64/include/ruby-4.0.0/x64-mingw-ucrt -IC:/Ruby40-x64/include/ruby-4.0.0/ruby/backward -IC:/Ruby40-x64/include/ruby-4.0.0 -I. -D_WIN32_WINNT=0x0600 -D__MINGW_USE_VC2005_COMPAT -D_FILE_OFFSET_BITS=64  -DYAML_DECLARE_STATIC -O3 -fstack-protector-strong conftest.c -L. -LC:/Ruby40-x64/lib -L. -pipe -s -fstack-protector-strong -lpthread -Wl,--no-as-needed     -lx64-ucrt-ruby400  -lshell32 -lws2_32 -liphlpapi -limagehlp -lshlwapi -lbcrypt  "
checked program was:
/* begin */
1: #include "ruby.h"
2: 
3: #include <winsock2.h>
4: #include <windows.h>
5: int main(int argc, char **argv)
6: {
7:   return !!argv[argc];
8: }
/* end */

PATH=".;C:/Ruby40-x64/lib;C:\Ruby40-x64\bin;C:\Ruby40-x64\msys64\ucrt64\bin;C:\Ruby40-x64\msys64\usr\bin;C:\Python314\Scripts\;C:\Python314\;C:\Program Files\Eclipse Adoptium\jdk-25.0.2.10-hotspot\bin;C:\windows\system32;C:\windows;C:\windows\System32\Wbem;C:\windows\System32\WindowsPowerShell\v1.0\;C:\windows\System32\OpenSSH\;C:\Program Files (x86)\NVIDIA Corporation\PhysX\Common;C:\Program Files\NVIDIA Corporation\NVIDIA App\NvDLISR;C:\Users\Administrator\AppData\Local\Microsoft\WindowsApps;C:\Program Files\HP\OMEN-Broadcast\Common;C:\Program Files\Git\cmd;C:\Program Files\Microsoft VS Code\bin;C:\Program Files\nodejs\;C:\ProgramData\chocolatey\bin;C:\Ruby40-x64\bin;C:\Users\Admin\.local\bin;C:\Users\Admin\AppData\Local\Microsoft\WindowsApps;C:\Users\Admin\AppData\Roaming\npm" LSAN_OPTIONS=detect_leaks=0 "gcc -o conftest.exe -IC:/Ruby40-x64/include/ruby-4.0.0/x64-mingw-ucrt -IC:/Ruby40-x64/include/ruby-4.0.0/ruby/backward -IC:/Ruby40-x64/include/ruby-4.0.0 -I. -D_WIN32_WINNT=0x0600 -D__MINGW_USE_VC2005_COMPAT -D_FILE_OFFSET_BITS=64  -DYAML_DECLARE_STATIC -O3 -fstack-protector-strong conftest.c -L. -LC:/Ruby40-x64/lib -L. -pipe -s -fstack-protector-strong -lpthread -Wl,--no-as-needed -LC:/Ruby40-x64/msys64/ucrt64/bin/../lib -lyaml    -lx64-ucrt-ruby400  -lshell32 -lws2_32 -liphlpapi -limagehlp -lshlwapi -lbcrypt  "
checked program was:
/* begin */
1: #include "ruby.h"
2: 
3: #include <winsock2.h>
4: #include <windows.h>
5: int main(int argc, char **argv)
6: {
7:   return !!argv[argc];
8: }
/* end */

PATH=".;C:/Ruby40-x64/lib;C:\Ruby40-x64\bin;C:\Ruby40-x64\msys64\ucrt64\bin;C:\Ruby40-x64\msys64\usr\bin;C:\Python314\Scripts\;C:\Python314\;C:\Program Files\Eclipse Adoptium\jdk-25.0.2.10-hotspot\bin;C:\windows\system32;C:\windows;C:\windows\System32\Wbem;C:\windows\System32\WindowsPowerShell\v1.0\;C:\windows\System32\OpenSSH\;C:\Program Files (x86)\NVIDIA Corporation\PhysX\Common;C:\Program Files\NVIDIA Corporation\NVIDIA App\NvDLISR;C:\Users\Administrator\AppData\Local\Microsoft\WindowsApps;C:\Program Files\HP\OMEN-Broadcast\Common;C:\Program Files\Git\cmd;C:\Program Files\Microsoft VS Code\bin;C:\Program Files\nodejs\;C:\ProgramData\chocolatey\bin;C:\Ruby40-x64\bin;C:\Users\Admin\.local\bin;C:\Users\Admin\AppData\Local\Microsoft\WindowsApps;C:\Users\Admin\AppData\Roaming\npm" LSAN_OPTIONS=detect_leaks=0 x86_64-w64-mingw32-pkg-config --cflags-only-I yaml-0.1 |
=> "-IC:/Ruby40-x64/msys64/ucrt64/bin/../include\n"
PATH=".;C:/Ruby40-x64/lib;C:\Ruby40-x64\bin;C:\Ruby40-x64\msys64\ucrt64\bin;C:\Ruby40-x64\msys64\usr\bin;C:\Python314\Scripts\;C:\Python314\;C:\Program Files\Eclipse Adoptium\jdk-25.0.2.10-hotspot\bin;C:\windows\system32;C:\windows;C:\windows\System32\Wbem;C:\windows\System32\WindowsPowerShell\v1.0\;C:\windows\System32\OpenSSH\;C:\Program Files (x86)\NVIDIA Corporation\PhysX\Common;C:\Program Files\NVIDIA Corporation\NVIDIA App\NvDLISR;C:\Users\Administrator\AppData\Local\Microsoft\WindowsApps;C:\Program Files\HP\OMEN-Broadcast\Common;C:\Program Files\Git\cmd;C:\Program Files\Microsoft VS Code\bin;C:\Program Files\nodejs\;C:\ProgramData\chocolatey\bin;C:\Ruby40-x64\bin;C:\Users\Admin\.local\bin;C:\Users\Admin\AppData\Local\Microsoft\WindowsApps;C:\Users\Admin\AppData\Roaming\npm" LSAN_OPTIONS=detect_leaks=0 x86_64-w64-mingw32-pkg-config --cflags-only-other yaml-0.1 |
=> "\n"
PATH=".;C:/Ruby40-x64/lib;C:\Ruby40-x64\bin;C:\Ruby40-x64\msys64\ucrt64\bin;C:\Ruby40-x64\msys64\usr\bin;C:\Python314\Scripts\;C:\Python314\;C:\Program Files\Eclipse Adoptium\jdk-25.0.2.10-hotspot\bin;C:\windows\system32;C:\windows;C:\windows\System32\Wbem;C:\windows\System32\WindowsPowerShell\v1.0\;C:\windows\System32\OpenSSH\;C:\Program Files (x86)\NVIDIA Corporation\PhysX\Common;C:\Program Files\NVIDIA Corporation\NVIDIA App\NvDLISR;C:\Users\Administrator\AppData\Local\Microsoft\WindowsApps;C:\Program Files\HP\OMEN-Broadcast\Common;C:\Program Files\Git\cmd;C:\Program Files\Microsoft VS Code\bin;C:\Program Files\nodejs\;C:\ProgramData\chocolatey\bin;C:\Ruby40-x64\bin;C:\Users\Admin\.local\bin;C:\Users\Admin\AppData\Local\Microsoft\WindowsApps;C:\Users\Admin\AppData\Roaming\npm" LSAN_OPTIONS=detect_leaks=0 x86_64-w64-mingw32-pkg-config --libs-only-l yaml-0.1 |
=> "-lyaml\n"
package configuration for yaml-0.1
incflags: -IC:/Ruby40-x64/msys64/ucrt64/bin/../include
cflags: 
ldflags: -LC:/Ruby40-x64/msys64/ucrt64/bin/../lib
libs: -lyaml

--------------------

